// Jest Snapshot v1, https://goo.gl/fbAQLP

exports[`SubCategory should render correctly using Snapshot 1`] = `
<View>
  <RCTScrollView
    horizontal={true}
    style={
      Object {
        "flexDirection": "row",
        "flexWrap": "wrap",
        "marginLeft": 15,
      }
    }
  >
    <View>
      <View
        accessible={true}
        focusable={true}
        onClick={[Function]}
        onResponderGrant={[Function]}
        onResponderMove={[Function]}
        onResponderRelease={[Function]}
        onResponderTerminate={[Function]}
        onResponderTerminationRequest={[Function]}
        onStartShouldSetResponder={[Function]}
        style={
          Object {
            "opacity": 1,
          }
        }
      >
        <View>
          <View
            style={
              Array [
                Object {
                  "alignSelf": "flex-start",
                  "backgroundColor": "#F5F5F5",
                  "borderRadius": 10,
                  "height": 50,
                  "marginRight": 15,
                  "resizeMode": "stretch",
                  "width": 225,
                },
                Object {
                  "alignItems": "center",
                  "justifyContent": "center",
                },
              ]
            }
          >
            <Text
              style={
                Array [
                  Object {
                    "textAlign": "center",
                  },
                  Object {
                    "fontWeight": "bold",
                  },
                ]
              }
            >
              All Products
            </Text>
          </View>
        </View>
      </View>
      <View
        accessible={true}
        focusable={true}
        onClick={[Function]}
        onResponderGrant={[Function]}
        onResponderMove={[Function]}
        onResponderRelease={[Function]}
        onResponderTerminate={[Function]}
        onResponderTerminationRequest={[Function]}
        onStartShouldSetResponder={[Function]}
        style={
          Object {
            "opacity": 1,
          }
        }
      >
        <View
          style={
            Array [
              Object {
                "alignSelf": "flex-start",
                "backgroundColor": "#F5F5F5",
                "borderRadius": 10,
                "height": 50,
                "marginRight": 15,
                "resizeMode": "stretch",
                "width": 225,
              },
              Object {
                "alignItems": "center",
                "justifyContent": "center",
              },
            ]
          }
        >
          <Text
            style={
              Array [
                Object {
                  "textAlign": "center",
                },
                Object {
                  "fontWeight": "bold",
                },
              ]
            }
          >
            dummy1
          </Text>
        </View>
      </View>
      <View
        accessible={true}
        focusable={true}
        onClick={[Function]}
        onResponderGrant={[Function]}
        onResponderMove={[Function]}
        onResponderRelease={[Function]}
        onResponderTerminate={[Function]}
        onResponderTerminationRequest={[Function]}
        onStartShouldSetResponder={[Function]}
        style={
          Object {
            "opacity": 1,
          }
        }
      >
        <View
          style={
            Array [
              Object {
                "alignSelf": "flex-start",
                "backgroundColor": "#F5F5F5",
                "borderRadius": 10,
                "height": 50,
                "marginRight": 15,
                "resizeMode": "stretch",
                "width": 225,
              },
              Object {
                "alignItems": "center",
                "justifyContent": "center",
              },
            ]
          }
        >
          <Text
            style={
              Array [
                Object {
                  "textAlign": "center",
                },
                Object {
                  "fontWeight": "bold",
                },
              ]
            }
          >
            dummy2
          </Text>
        </View>
      </View>
    </View>
  </RCTScrollView>
</View>
`;

exports[`SubCategory should render correctly using Snapshot 2`] = `
<View>
  <RCTScrollView
    horizontal={true}
    style={
      Object {
        "flexDirection": "row",
        "flexWrap": "wrap",
        "marginLeft": 15,
      }
    }
  >
    <View>
      <View
        accessible={true}
        focusable={true}
        onClick={[Function]}
        onResponderGrant={[Function]}
        onResponderMove={[Function]}
        onResponderRelease={[Function]}
        onResponderTerminate={[Function]}
        onResponderTerminationRequest={[Function]}
        onStartShouldSetResponder={[Function]}
        style={
          Object {
            "opacity": 1,
          }
        }
      >
        <View>
          <View
            style={
              Array [
                Object {
                  "alignSelf": "flex-start",
                  "backgroundColor": "#F5F5F5",
                  "borderRadius": 10,
                  "height": 50,
                  "marginRight": 15,
                  "resizeMode": "stretch",
                  "width": 225,
                },
                Object {
                  "alignItems": "center",
                  "justifyContent": "center",
                },
              ]
            }
          >
            <Text
              style={
                Array [
                  Object {
                    "textAlign": "center",
                  },
                  Object {
                    "fontWeight": "bold",
                  },
                ]
              }
            >
              All Products
            </Text>
          </View>
        </View>
      </View>
      <View
        accessible={true}
        focusable={true}
        onClick={[Function]}
        onResponderGrant={[Function]}
        onResponderMove={[Function]}
        onResponderRelease={[Function]}
        onResponderTerminate={[Function]}
        onResponderTerminationRequest={[Function]}
        onStartShouldSetResponder={[Function]}
        style={
          Object {
            "opacity": 1,
          }
        }
      >
        <View
          style={
            Array [
              Object {
                "alignSelf": "flex-start",
                "backgroundColor": "#F5F5F5",
                "borderRadius": 10,
                "height": 50,
                "marginRight": 15,
                "resizeMode": "stretch",
                "width": 225,
              },
              Object {
                "alignItems": "center",
                "justifyContent": "center",
              },
            ]
          }
        >
          <Text
            style={
              Array [
                Object {
                  "textAlign": "center",
                },
                Object {
                  "fontWeight": "bold",
                },
              ]
            }
          >
            dummy1
          </Text>
        </View>
      </View>
      <View
        accessible={true}
        focusable={true}
        onClick={[Function]}
        onResponderGrant={[Function]}
        onResponderMove={[Function]}
        onResponderRelease={[Function]}
        onResponderTerminate={[Function]}
        onResponderTerminationRequest={[Function]}
        onStartShouldSetResponder={[Function]}
        style={
          Object {
            "opacity": 1,
          }
        }
      >
        <View
          style={
            Array [
              Object {
                "alignSelf": "flex-start",
                "backgroundColor": "#F5F5F5",
                "borderRadius": 10,
                "height": 50,
                "marginRight": 15,
                "resizeMode": "stretch",
                "width": 225,
              },
              Object {
                "alignItems": "center",
                "justifyContent": "center",
              },
            ]
          }
        >
          <Text
            style={
              Array [
                Object {
                  "textAlign": "center",
                },
                Object {
                  "fontWeight": "bold",
                },
              ]
            }
          >
            dummy2
          </Text>
        </View>
      </View>
    </View>
  </RCTScrollView>
</View>
`;

exports[`SubCategory should render correctly using Snapshot 3`] = `
<View>
  <RCTScrollView
    horizontal={true}
    style={
      Object {
        "flexDirection": "row",
        "flexWrap": "wrap",
        "marginLeft": 15,
      }
    }
  >
    <View>
      <View
        accessible={true}
        focusable={true}
        onClick={[Function]}
        onResponderGrant={[Function]}
        onResponderMove={[Function]}
        onResponderRelease={[Function]}
        onResponderTerminate={[Function]}
        onResponderTerminationRequest={[Function]}
        onStartShouldSetResponder={[Function]}
        style={
          Object {
            "opacity": 1,
          }
        }
      >
        <View>
          <View
            style={
              Array [
                Object {
                  "alignSelf": "flex-start",
                  "backgroundColor": "#F5F5F5",
                  "borderRadius": 10,
                  "height": 50,
                  "marginRight": 15,
                  "resizeMode": "stretch",
                  "width": 225,
                },
                Object {
                  "alignItems": "center",
                  "justifyContent": "center",
                },
              ]
            }
          >
            <Text
              style={
                Array [
                  Object {
                    "textAlign": "center",
                  },
                  Object {
                    "fontWeight": "bold",
                  },
                ]
              }
            >
              All Products
            </Text>
          </View>
        </View>
      </View>
      <View
        accessible={true}
        focusable={true}
        onClick={[Function]}
        onResponderGrant={[Function]}
        onResponderMove={[Function]}
        onResponderRelease={[Function]}
        onResponderTerminate={[Function]}
        onResponderTerminationRequest={[Function]}
        onStartShouldSetResponder={[Function]}
        style={
          Object {
            "opacity": 1,
          }
        }
      >
        <View
          style={
            Array [
              Object {
                "alignSelf": "flex-start",
                "backgroundColor": "#F5F5F5",
                "borderRadius": 10,
                "height": 50,
                "marginRight": 15,
                "resizeMode": "stretch",
                "width": 225,
              },
              Object {
                "alignItems": "center",
                "justifyContent": "center",
              },
            ]
          }
        >
          <Text
            style={
              Array [
                Object {
                  "textAlign": "center",
                },
                Object {
                  "fontWeight": "bold",
                },
              ]
            }
          >
            dummy1
          </Text>
        </View>
      </View>
      <View
        accessible={true}
        focusable={true}
        onClick={[Function]}
        onResponderGrant={[Function]}
        onResponderMove={[Function]}
        onResponderRelease={[Function]}
        onResponderTerminate={[Function]}
        onResponderTerminationRequest={[Function]}
        onStartShouldSetResponder={[Function]}
        style={
          Object {
            "opacity": 1,
          }
        }
      >
        <View
          style={
            Array [
              Object {
                "alignSelf": "flex-start",
                "backgroundColor": "#F5F5F5",
                "borderRadius": 10,
                "height": 50,
                "marginRight": 15,
                "resizeMode": "stretch",
                "width": 225,
              },
              Object {
                "alignItems": "center",
                "justifyContent": "center",
              },
            ]
          }
        >
          <Text
            style={
              Array [
                Object {
                  "textAlign": "center",
                },
                Object {
                  "fontWeight": "bold",
                },
              ]
            }
          >
            dummy2
          </Text>
        </View>
      </View>
    </View>
  </RCTScrollView>
</View>
`;
