// Jest Snapshot v1, https://goo.gl/fbAQLP

exports[`MainCategoryBanner should render correctly using Snapshot 1`] = `
<View
  style={
    Object {
      "padding": 20,
    }
  }
>
  <View
    accessibilityIgnoresInvertColors={true}
    style={
      Array [
        Object {
          "borderRadius": 20,
          "height": 300,
          "resizeMode": "stretch",
        },
        Object {
          "alignItems": "center",
          "justifyContent": "center",
        },
      ]
    }
  >
    <Image
      source={1}
      style={
        Array [
          Object {
            "bottom": 0,
            "left": 0,
            "position": "absolute",
            "right": 0,
            "top": 0,
          },
          Object {
            "height": undefined,
            "width": undefined,
          },
          Object {
            "borderRadius": 20,
          },
        ]
      }
    />
    <Text
      style={
        Array [
          Object {
            "textAlign": "center",
          },
          Object {
            "fontSize": 30,
            "fontWeight": "bold",
          },
        ]
      }
    >
      dummy
    </Text>
  </View>
</View>
`;
